Component: ARM Compiler 5.06 update 6 (build 750) Tool: armlink [4d35ed]

==============================================================================

Section Cross References

    startup.o(RESET) refers to startup.o(STACK) for StackMem
    startup.o(RESET) refers to spaceinvaders.o(i.GPIOPortE_Handler) for GPIOPortE_Handler
    startup.o(RESET) refers to timer0.o(i.Timer0A_Handler) for Timer0A_Handler
    startup.o(RESET) refers to timer1.o(i.Timer1A_Handler) for Timer1A_Handler
    startup.o(RESET) refers to timer2.o(i.Timer2A_Handler) for Timer2A_Handler
    startup.o(RESET) refers to diskio.o(i.Timer5A_Handler) for Timer5A_Handler
    startup.o(RESET) refers to entry.o(.ARM.Collect$$$$00000000) for __main
    random.o(.text) refers to random.o(DATA) for M
    timer0.o(i.Arr_Init) refers to memseta.o(.text) for __aeabi_memclr
    timer0.o(i.Arr_Init) refers to memcpya.o(.text) for __aeabi_memcpy
    timer0.o(i.Arr_Init) refers to timer0.o(.bss) for .bss
    timer0.o(i.CheckKillD) refers to st7735.o(i.ST7735_DrawFastHLine) for ST7735_DrawFastHLine
    timer0.o(i.CheckKillD) refers to timer0.o(.bss) for .bss
    timer0.o(i.CheckKillD) refers to timer0.o(.data) for .data
    timer0.o(i.CheckKillL) refers to st7735.o(i.ST7735_DrawFastHLine) for ST7735_DrawFastHLine
    timer0.o(i.CheckKillL) refers to timer0.o(.bss) for .bss
    timer0.o(i.CheckKillL) refers to timer0.o(.data) for .data
    timer0.o(i.CheckKillR) refers to st7735.o(i.ST7735_DrawFastHLine) for ST7735_DrawFastHLine
    timer0.o(i.CheckKillR) refers to timer0.o(.bss) for .bss
    timer0.o(i.CheckKillR) refers to timer0.o(.data) for .data
    timer0.o(i.CheckKillU) refers to st7735.o(i.ST7735_DrawFastHLine) for ST7735_DrawFastHLine
    timer0.o(i.CheckKillU) refers to timer0.o(.bss) for .bss
    timer0.o(i.CheckKillU) refers to timer0.o(.data) for .data
    timer0.o(i.Timer0A_Handler) refers to st7735.o(i.ST7735_DrawBitmap) for ST7735_DrawBitmap
    timer0.o(i.Timer0A_Handler) refers to st7735.o(i.ST7735_DrawFastHLine) for ST7735_DrawFastHLine
    timer0.o(i.Timer0A_Handler) refers to st7735.o(i.ST7735_SetCursor) for ST7735_SetCursor
    timer0.o(i.Timer0A_Handler) refers to st7735.o(i.ST7735_OutString) for ST7735_OutString
    timer0.o(i.Timer0A_Handler) refers to st7735.o(i.ST7735_OutUDec) for ST7735_OutUDec
    timer0.o(i.Timer0A_Handler) refers to timer0.o(.data) for .data
    timer0.o(i.Timer0A_Handler) refers to timer0.o(.bss) for .bss
    timer0.o(i.Timer0A_Handler) refers to timer0.o(.constdata) for .constdata
    timer0.o(i.Timer0_Init) refers to timer0.o(.data) for .data
    timer0.o(i.writeArr) refers to timer0.o(.bss) for .bss
    timer1.o(i.Timer1A_Handler) refers to timer2.o(i.fifo_Read) for fifo_Read
    timer1.o(i.Timer1A_Handler) refers to dac.o(i.DAC_Out) for DAC_Out
    timer1.o(i.Timer1A_Handler) refers to timer1.o(.data) for .data
    spaceinvaders.o(i.GPIOPortE_Handler) refers to st7735.o(i.ST7735_DrawBitmap) for ST7735_DrawBitmap
    spaceinvaders.o(i.GPIOPortE_Handler) refers to timer0.o(i.CheckKillR) for CheckKillR
    spaceinvaders.o(i.GPIOPortE_Handler) refers to timer0.o(i.CheckKillL) for CheckKillL
    spaceinvaders.o(i.GPIOPortE_Handler) refers to timer0.o(i.CheckKillD) for CheckKillD
    spaceinvaders.o(i.GPIOPortE_Handler) refers to timer0.o(i.CheckKillU) for CheckKillU
    spaceinvaders.o(i.GPIOPortE_Handler) refers to timer0.o(.constdata) for arrowRightWhite
    spaceinvaders.o(i.GPIOPortE_Handler) refers to timer0.o(.data) for rightCount
    spaceinvaders.o(i.IO_Init) refers to startup.o(.text) for EnableInterrupts
    spaceinvaders.o(i.main) refers to pll.o(i.PLL_Init) for PLL_Init
    spaceinvaders.o(i.main) refers to st7735.o(i.Output_Init) for Output_Init
    spaceinvaders.o(i.main) refers to adc.o(i.ADC_Init) for ADC_Init
    spaceinvaders.o(i.main) refers to startup.o(.text) for EnableInterrupts
    spaceinvaders.o(i.main) refers to dac.o(i.DAC_Init) for DAC_Init
    spaceinvaders.o(i.main) refers to st7735.o(i.ST7735_DrawBitmap) for ST7735_DrawBitmap
    spaceinvaders.o(i.main) refers to st7735.o(i.ST7735_SetCursor) for ST7735_SetCursor
    spaceinvaders.o(i.main) refers to st7735.o(i.ST7735_OutString) for ST7735_OutString
    spaceinvaders.o(i.main) refers to ff.o(i.f_mount) for f_mount
    spaceinvaders.o(i.main) refers to st7735.o(i.ST7735_Color565) for ST7735_Color565
    spaceinvaders.o(i.main) refers to st7735.o(i.ST7735_DrawString) for ST7735_DrawString
    spaceinvaders.o(i.main) refers to ff.o(i.f_open) for f_open
    spaceinvaders.o(i.main) refers to st7735.o(i.ST7735_SetTextColor) for ST7735_SetTextColor
    spaceinvaders.o(i.main) refers to st7735.o(i.ST7735_OutUDec) for ST7735_OutUDec
    spaceinvaders.o(i.main) refers to st7735.o(i.ST7735_FillScreen) for ST7735_FillScreen
    spaceinvaders.o(i.main) refers to spaceinvaders.o(i.Delay100ms) for Delay100ms
    spaceinvaders.o(i.main) refers to timer2.o(i.Timer2_Init) for Timer2_Init
    spaceinvaders.o(i.main) refers to timer0.o(i.Timer0_Init) for Timer0_Init
    spaceinvaders.o(i.main) refers to timer1.o(i.Timer1_Init) for Timer1_Init
    spaceinvaders.o(i.main) refers to adc.o(i.ADC_In) for ADC_In
    spaceinvaders.o(i.main) refers to timer0.o(.constdata) for DDRLOGO
    spaceinvaders.o(i.main) refers to timer2.o(.data) for Fresult
    spaceinvaders.o(i.main) refers to timer2.o(.data) for MountFresult
    spaceinvaders.o(i.main) refers to spaceinvaders.o(.bss) for .bss
    spaceinvaders.o(i.main) refers to timer2.o(.data) for inFilename
    spaceinvaders.o(i.main) refers to timer2.o(.bss) for Handle
    spaceinvaders.o(i.main) refers to timer0.o(.constdata) for THREE
    spaceinvaders.o(i.main) refers to timer0.o(.constdata) for TWO
    spaceinvaders.o(i.main) refers to timer0.o(.constdata) for ONE
    st7735.o(i.Delay1ms) refers to st7735.o(.emb_text) for Delay
    st7735.o(i.Output_Clear) refers to st7735.o(i.ST7735_FillRect) for ST7735_FillRect
    st7735.o(i.Output_Clear) refers to st7735.o(.data) for .data
    st7735.o(i.Output_Color) refers to st7735.o(.data) for .data
    st7735.o(i.Output_Init) refers to st7735.o(i.commonInit) for commonInit
    st7735.o(i.Output_Init) refers to st7735.o(i.commandList) for commandList
    st7735.o(i.Output_Init) refers to st7735.o(i.ST7735_FillRect) for ST7735_FillRect
    st7735.o(i.Output_Init) refers to st7735.o(.constdata) for .constdata
    st7735.o(i.Output_Init) refers to st7735.o(.data) for .data
    st7735.o(i.Output_Off) refers to st7735.o(i.ST7735_FillRect) for ST7735_FillRect
    st7735.o(i.Output_Off) refers to st7735.o(.data) for .data
    st7735.o(i.Output_On) refers to st7735.o(i.commonInit) for commonInit
    st7735.o(i.Output_On) refers to st7735.o(i.commandList) for commandList
    st7735.o(i.Output_On) refers to st7735.o(i.ST7735_FillRect) for ST7735_FillRect
    st7735.o(i.Output_On) refers to st7735.o(.constdata) for .constdata
    st7735.o(i.Output_On) refers to st7735.o(.data) for .data
    st7735.o(i.ST7735_DrawBitmap) refers to st7735.o(i.setAddrWindow) for setAddrWindow
    st7735.o(i.ST7735_DrawBitmap) refers to st7735.o(i.writedata) for writedata
    st7735.o(i.ST7735_DrawBitmap) refers to st7735.o(.data) for .data
    st7735.o(i.ST7735_DrawChar) refers to st7735.o(i.setAddrWindow) for setAddrWindow
    st7735.o(i.ST7735_DrawChar) refers to st7735.o(i.writedata) for writedata
    st7735.o(i.ST7735_DrawChar) refers to st7735.o(.data) for .data
    st7735.o(i.ST7735_DrawChar) refers to st7735.o(.constdata) for .constdata
    st7735.o(i.ST7735_DrawCharS) refers to st7735.o(i.ST7735_FillRect) for ST7735_FillRect
    st7735.o(i.ST7735_DrawCharS) refers to st7735.o(i.ST7735_DrawPixel) for ST7735_DrawPixel
    st7735.o(i.ST7735_DrawCharS) refers to st7735.o(.data) for .data
    st7735.o(i.ST7735_DrawCharS) refers to st7735.o(.constdata) for .constdata
    st7735.o(i.ST7735_DrawCircle) refers to st7735.o(i.setAddrWindow) for setAddrWindow
    st7735.o(i.ST7735_DrawCircle) refers to st7735.o(i.writedata) for writedata
    st7735.o(i.ST7735_DrawCircle) refers to st7735.o(.data) for .data
    st7735.o(i.ST7735_DrawCircle) refers to st7735.o(.constdata) for .constdata
    st7735.o(i.ST7735_DrawFastHLine) refers to st7735.o(i.setAddrWindow) for setAddrWindow
    st7735.o(i.ST7735_DrawFastHLine) refers to st7735.o(i.writedata) for writedata
    st7735.o(i.ST7735_DrawFastHLine) refers to st7735.o(.data) for .data
    st7735.o(i.ST7735_DrawFastVLine) refers to st7735.o(i.setAddrWindow) for setAddrWindow
    st7735.o(i.ST7735_DrawFastVLine) refers to st7735.o(i.writedata) for writedata
    st7735.o(i.ST7735_DrawFastVLine) refers to st7735.o(.data) for .data
    st7735.o(i.ST7735_DrawPixel) refers to st7735.o(i.setAddrWindow) for setAddrWindow
    st7735.o(i.ST7735_DrawPixel) refers to st7735.o(i.writedata) for writedata
    st7735.o(i.ST7735_DrawPixel) refers to st7735.o(.data) for .data
    st7735.o(i.ST7735_DrawSmallCircle) refers to st7735.o(i.setAddrWindow) for setAddrWindow
    st7735.o(i.ST7735_DrawSmallCircle) refers to st7735.o(i.writedata) for writedata
    st7735.o(i.ST7735_DrawSmallCircle) refers to st7735.o(.data) for .data
    st7735.o(i.ST7735_DrawSmallCircle) refers to st7735.o(.constdata) for .constdata
    st7735.o(i.ST7735_DrawString) refers to st7735.o(i.ST7735_DrawCharS) for ST7735_DrawCharS
    st7735.o(i.ST7735_FillRect) refers to st7735.o(i.setAddrWindow) for setAddrWindow
    st7735.o(i.ST7735_FillRect) refers to st7735.o(i.writedata) for writedata
    st7735.o(i.ST7735_FillRect) refers to st7735.o(.data) for .data
    st7735.o(i.ST7735_FillScreen) refers to st7735.o(i.ST7735_FillRect) for ST7735_FillRect
    st7735.o(i.ST7735_FillScreen) refers to st7735.o(.data) for .data
    st7735.o(i.ST7735_InitB) refers to st7735.o(i.commonInit) for commonInit
    st7735.o(i.ST7735_InitB) refers to st7735.o(i.ST7735_FillRect) for ST7735_FillRect
    st7735.o(i.ST7735_InitB) refers to st7735.o(.constdata) for .constdata
    st7735.o(i.ST7735_InitB) refers to st7735.o(.data) for .data
    st7735.o(i.ST7735_InitR) refers to st7735.o(i.commonInit) for commonInit
    st7735.o(i.ST7735_InitR) refers to st7735.o(i.commandList) for commandList
    st7735.o(i.ST7735_InitR) refers to st7735.o(i.writecommand) for writecommand
    st7735.o(i.ST7735_InitR) refers to st7735.o(i.writedata) for writedata
    st7735.o(i.ST7735_InitR) refers to st7735.o(i.ST7735_FillRect) for ST7735_FillRect
    st7735.o(i.ST7735_InitR) refers to st7735.o(.constdata) for .constdata
    st7735.o(i.ST7735_InitR) refers to st7735.o(.data) for .data
    st7735.o(i.ST7735_InvertDisplay) refers to st7735.o(i.writecommand) for writecommand
    st7735.o(i.ST7735_OutChar) refers to st7735.o(i.ST7735_DrawCharS) for ST7735_DrawCharS
    st7735.o(i.ST7735_OutChar) refers to st7735.o(.data) for .data
    st7735.o(i.ST7735_OutString) refers to st7735.o(i.ST7735_OutChar) for ST7735_OutChar
    st7735.o(i.ST7735_OutUDec) refers to st7735.o(i.fillmessage) for fillmessage
    st7735.o(i.ST7735_OutUDec) refers to st7735.o(i.ST7735_DrawCharS) for ST7735_DrawCharS
    st7735.o(i.ST7735_OutUDec) refers to st7735.o(.data) for .data
    st7735.o(i.ST7735_OutUDec) refers to st7735.o(.bss) for .bss
    st7735.o(i.ST7735_PlotBar) refers to st7735.o(i.ST7735_DrawFastVLine) for ST7735_DrawFastVLine
    st7735.o(i.ST7735_PlotBar) refers to st7735.o(.data) for .data
    st7735.o(i.ST7735_PlotClear) refers to st7735.o(i.ST7735_FillRect) for ST7735_FillRect
    st7735.o(i.ST7735_PlotClear) refers to st7735.o(.data) for .data
    st7735.o(i.ST7735_PlotLine) refers to st7735.o(i.ST7735_DrawPixel) for ST7735_DrawPixel
    st7735.o(i.ST7735_PlotLine) refers to st7735.o(.data) for .data
    st7735.o(i.ST7735_PlotNext) refers to st7735.o(.data) for .data
    st7735.o(i.ST7735_PlotNextErase) refers to st7735.o(i.ST7735_DrawFastVLine) for ST7735_DrawFastVLine
    st7735.o(i.ST7735_PlotNextErase) refers to st7735.o(.data) for .data
    st7735.o(i.ST7735_PlotPoint) refers to st7735.o(i.ST7735_DrawPixel) for ST7735_DrawPixel
    st7735.o(i.ST7735_PlotPoint) refers to st7735.o(.data) for .data
    st7735.o(i.ST7735_PlotPoints) refers to st7735.o(i.ST7735_DrawPixel) for ST7735_DrawPixel
    st7735.o(i.ST7735_PlotPoints) refers to st7735.o(.data) for .data
    st7735.o(i.ST7735_PlotdBfs) refers to st7735.o(i.ST7735_DrawFastVLine) for ST7735_DrawFastVLine
    st7735.o(i.ST7735_PlotdBfs) refers to st7735.o(.constdata) for .constdata
    st7735.o(i.ST7735_PlotdBfs) refers to st7735.o(.data) for .data
    st7735.o(i.ST7735_SetCursor) refers to st7735.o(.data) for .data
    st7735.o(i.ST7735_SetRotation) refers to st7735.o(i.writecommand) for writecommand
    st7735.o(i.ST7735_SetRotation) refers to st7735.o(i.writedata) for writedata
    st7735.o(i.ST7735_SetRotation) refers to st7735.o(.data) for .data
    st7735.o(i.ST7735_SetTextColor) refers to st7735.o(.data) for .data
    st7735.o(i.commandList) refers to st7735.o(i.writedata) for writedata
    st7735.o(i.commandList) refers to st7735.o(.emb_text) for Delay
    st7735.o(i.commonInit) refers to st7735.o(.emb_text) for Delay
    st7735.o(i.commonInit) refers to st7735.o(i.commandList) for commandList
    st7735.o(i.commonInit) refers to st7735.o(.data) for .data
    st7735.o(i.fillmessage) refers to st7735.o(.bss) for .bss
    st7735.o(i.fillmessage) refers to st7735.o(.data) for .data
    st7735.o(i.fputc) refers to st7735.o(i.ST7735_OutChar) for ST7735_OutChar
    st7735.o(i.setAddrWindow) refers to st7735.o(i.writecommand) for writecommand
    st7735.o(i.setAddrWindow) refers to st7735.o(i.writedata) for writedata
    st7735.o(i.setAddrWindow) refers to st7735.o(.data) for .data
    timer2.o(i.Timer2A_Handler) refers to ff.o(i.f_read) for f_read
    timer2.o(i.Timer2A_Handler) refers to ff.o(i.f_close) for f_close
    timer2.o(i.Timer2A_Handler) refers to timer2.o(i.buff_3Digit) for buff_3Digit
    timer2.o(i.Timer2A_Handler) refers to timer2.o(.data) for .data
    timer2.o(i.Timer2A_Handler) refers to timer2.o(.bss) for .bss
    timer2.o(i.Timer2_Init) refers to ff.o(i.f_read) for f_read
    timer2.o(i.Timer2_Init) refers to timer2.o(i.buff_3Digit) for buff_3Digit
    timer2.o(i.Timer2_Init) refers to timer2.o(.data) for .data
    timer2.o(i.Timer2_Init) refers to timer2.o(.bss) for .bss
    timer2.o(i.buff_3Digit) refers to timer2.o(.data) for .data
    timer2.o(i.buff_3Digit) refers to timer2.o(.bss) for .bss
    timer2.o(i.fifo_Read) refers to timer2.o(.data) for .data
    timer2.o(i.fifo_Read) refers to timer2.o(.bss) for .bss
    diskio.o(i.Timer5A_Handler) refers to diskio.o(.data) for .data
    diskio.o(i.disk_initialize) refers to diskio.o(i.SSI0_Init) for SSI0_Init
    diskio.o(i.disk_initialize) refers to diskio.o(i.send_cmd) for send_cmd
    diskio.o(i.disk_initialize) refers to diskio.o(.data) for .data
    diskio.o(i.disk_ioctl) refers to diskio.o(i.select) for select
    diskio.o(i.disk_ioctl) refers to diskio.o(i.send_cmd) for send_cmd
    diskio.o(i.disk_ioctl) refers to diskio.o(i.rcvr_datablock) for rcvr_datablock
    diskio.o(i.disk_ioctl) refers to diskio.o(.data) for .data
    diskio.o(i.disk_read) refers to diskio.o(i.send_cmd) for send_cmd
    diskio.o(i.disk_read) refers to diskio.o(i.rcvr_datablock) for rcvr_datablock
    diskio.o(i.disk_read) refers to diskio.o(.data) for .data
    diskio.o(i.disk_status) refers to diskio.o(.data) for .data
    diskio.o(i.disk_timerproc) refers to diskio.o(.data) for .data
    diskio.o(i.disk_write) refers to diskio.o(i.send_cmd) for send_cmd
    diskio.o(i.disk_write) refers to diskio.o(i.xmit_datablock) for xmit_datablock
    diskio.o(i.disk_write) refers to diskio.o(.data) for .data
    diskio.o(i.rcvr_datablock) refers to diskio.o(.data) for .data
    diskio.o(i.select) refers to diskio.o(.data) for .data
    diskio.o(i.send_cmd) refers to diskio.o(i.select) for select
    diskio.o(i.xmit_datablock) refers to diskio.o(.data) for .data
    ff.o(i.create_chain) refers to ff.o(i.get_fat) for get_fat
    ff.o(i.create_chain) refers to ff.o(i.put_fat) for put_fat
    ff.o(i.dir_next) refers to ff.o(i.get_fat) for get_fat
    ff.o(i.dir_next) refers to ff.o(i.create_chain) for create_chain
    ff.o(i.dir_next) refers to ff.o(i.sync_window) for sync_window
    ff.o(i.dir_next) refers to ff.o(i.mem_set) for mem_set
    ff.o(i.dir_next) refers to diskio.o(i.disk_write) for disk_write
    ff.o(i.dir_read) refers to ff.o(i.sync_window) for sync_window
    ff.o(i.dir_read) refers to diskio.o(i.disk_read) for disk_read
    ff.o(i.dir_read) refers to ff.o(i.dir_next) for dir_next
    ff.o(i.dir_register) refers to ff.o(i.dir_sdi) for dir_sdi
    ff.o(i.dir_register) refers to ff.o(i.sync_window) for sync_window
    ff.o(i.dir_register) refers to diskio.o(i.disk_read) for disk_read
    ff.o(i.dir_register) refers to ff.o(i.dir_next) for dir_next
    ff.o(i.dir_register) refers to ff.o(i.move_window) for move_window
    ff.o(i.dir_register) refers to ff.o(i.mem_set) for mem_set
    ff.o(i.dir_register) refers to ff.o(i.mem_cpy) for mem_cpy
    ff.o(i.dir_sdi) refers to ff.o(i.get_fat) for get_fat
    ff.o(i.f_chdir) refers to ff.o(i.find_volume) for find_volume
    ff.o(i.f_chdir) refers to ff.o(i.follow_path) for follow_path
    ff.o(i.f_chmod) refers to ff.o(i.find_volume) for find_volume
    ff.o(i.f_chmod) refers to ff.o(i.follow_path) for follow_path
    ff.o(i.f_chmod) refers to ff.o(i.sync_fs) for sync_fs
    ff.o(i.f_close) refers to ff.o(i.f_sync) for f_sync
    ff.o(i.f_close) refers to ff.o(i.validate) for validate
    ff.o(i.f_closedir) refers to ff.o(i.validate) for validate
    ff.o(i.f_getcwd) refers to ff.o(i.find_volume) for find_volume
    ff.o(i.f_getcwd) refers to ff.o(i.dir_sdi) for dir_sdi
    ff.o(i.f_getcwd) refers to ff.o(i.dir_read) for dir_read
    ff.o(i.f_getcwd) refers to ff.o(i.dir_next) for dir_next
    ff.o(i.f_getfree) refers to ff.o(i.find_volume) for find_volume
    ff.o(i.f_getfree) refers to ff.o(i.get_fat) for get_fat
    ff.o(i.f_getfree) refers to ff.o(i.sync_window) for sync_window
    ff.o(i.f_getfree) refers to diskio.o(i.disk_read) for disk_read
    ff.o(i.f_getlabel) refers to ff.o(i.find_volume) for find_volume
    ff.o(i.f_getlabel) refers to ff.o(i.dir_sdi) for dir_sdi
    ff.o(i.f_getlabel) refers to ff.o(i.dir_read) for dir_read
    ff.o(i.f_getlabel) refers to ff.o(i.mem_cpy) for mem_cpy
    ff.o(i.f_getlabel) refers to ff.o(i.move_window) for move_window
    ff.o(i.f_lseek) refers to ff.o(i.validate) for validate
    ff.o(i.f_lseek) refers to ff.o(i.create_chain) for create_chain
    ff.o(i.f_lseek) refers to ff.o(i.get_fat) for get_fat
    ff.o(i.f_lseek) refers to diskio.o(i.disk_write) for disk_write
    ff.o(i.f_lseek) refers to diskio.o(i.disk_read) for disk_read
    ff.o(i.f_mkdir) refers to ff.o(i.find_volume) for find_volume
    ff.o(i.f_mkdir) refers to ff.o(i.follow_path) for follow_path
    ff.o(i.f_mkdir) refers to ff.o(i.create_chain) for create_chain
    ff.o(i.f_mkdir) refers to ff.o(i.sync_window) for sync_window
    ff.o(i.f_mkdir) refers to ff.o(i.mem_set) for mem_set
    ff.o(i.f_mkdir) refers to ff.o(i.mem_cpy) for mem_cpy
    ff.o(i.f_mkdir) refers to diskio.o(i.disk_write) for disk_write
    ff.o(i.f_mkdir) refers to ff.o(i.dir_register) for dir_register
    ff.o(i.f_mkdir) refers to ff.o(i.remove_chain) for remove_chain
    ff.o(i.f_mkdir) refers to ff.o(i.sync_fs) for sync_fs
    ff.o(i.f_mkfs) refers to diskio.o(i.disk_initialize) for disk_initialize
    ff.o(i.f_mkfs) refers to diskio.o(i.disk_ioctl) for disk_ioctl
    ff.o(i.f_mkfs) refers to ff.o(i.mem_set) for mem_set
    ff.o(i.f_mkfs) refers to ff.o(i.mem_cpy) for mem_cpy
    ff.o(i.f_mkfs) refers to diskio.o(i.disk_write) for disk_write
    ff.o(i.f_mkfs) refers to ff.o(.data) for .data
    ff.o(i.f_mkfs) refers to ff.o(.constdata) for .constdata
    ff.o(i.f_mount) refers to ff.o(i.find_volume) for find_volume
    ff.o(i.f_mount) refers to ff.o(.data) for .data
    ff.o(i.f_open) refers to ff.o(i.find_volume) for find_volume
    ff.o(i.f_open) refers to ff.o(i.follow_path) for follow_path
    ff.o(i.f_open) refers to ff.o(i.dir_register) for dir_register
    ff.o(i.f_open) refers to ff.o(i.remove_chain) for remove_chain
    ff.o(i.f_open) refers to ff.o(i.move_window) for move_window
    ff.o(i.f_opendir) refers to ff.o(i.find_volume) for find_volume
    ff.o(i.f_opendir) refers to ff.o(i.follow_path) for follow_path
    ff.o(i.f_opendir) refers to ff.o(i.dir_sdi) for dir_sdi
    ff.o(i.f_read) refers to ff.o(i.validate) for validate
    ff.o(i.f_read) refers to diskio.o(i.disk_read) for disk_read
    ff.o(i.f_read) refers to ff.o(i.get_fat) for get_fat
    ff.o(i.f_read) refers to ff.o(i.mem_cpy) for mem_cpy
    ff.o(i.f_read) refers to diskio.o(i.disk_write) for disk_write
    ff.o(i.f_readdir) refers to ff.o(i.validate) for validate
    ff.o(i.f_readdir) refers to ff.o(i.dir_read) for dir_read
    ff.o(i.f_readdir) refers to ff.o(i.dir_next) for dir_next
    ff.o(i.f_readdir) refers to ff.o(i.dir_sdi) for dir_sdi
    ff.o(i.f_rename) refers to ff.o(i.find_volume) for find_volume
    ff.o(i.f_rename) refers to ff.o(i.follow_path) for follow_path
    ff.o(i.f_rename) refers to ff.o(i.mem_cpy) for mem_cpy
    ff.o(i.f_rename) refers to ff.o(i.dir_register) for dir_register
    ff.o(i.f_rename) refers to ff.o(i.move_window) for move_window
    ff.o(i.f_rename) refers to ff.o(i.dir_sdi) for dir_sdi
    ff.o(i.f_rename) refers to ff.o(i.mem_set) for mem_set
    ff.o(i.f_rename) refers to ff.o(i.sync_fs) for sync_fs
    ff.o(i.f_setlabel) refers to ff.o(i.find_volume) for find_volume
    ff.o(i.f_setlabel) refers to ff.o(i.dir_sdi) for dir_sdi
    ff.o(i.f_setlabel) refers to ff.o(i.dir_read) for dir_read
    ff.o(i.f_setlabel) refers to ff.o(i.mem_cpy) for mem_cpy
    ff.o(i.f_setlabel) refers to ff.o(i.sync_fs) for sync_fs
    ff.o(i.f_setlabel) refers to ff.o(i.sync_window) for sync_window
    ff.o(i.f_setlabel) refers to diskio.o(i.disk_read) for disk_read
    ff.o(i.f_setlabel) refers to ff.o(i.dir_next) for dir_next
    ff.o(i.f_setlabel) refers to ff.o(i.mem_set) for mem_set
    ff.o(i.f_stat) refers to ff.o(i.find_volume) for find_volume
    ff.o(i.f_stat) refers to ff.o(i.follow_path) for follow_path
    ff.o(i.f_sync) refers to ff.o(i.validate) for validate
    ff.o(i.f_sync) refers to diskio.o(i.disk_write) for disk_write
    ff.o(i.f_sync) refers to ff.o(i.move_window) for move_window
    ff.o(i.f_sync) refers to ff.o(i.sync_fs) for sync_fs
    ff.o(i.f_truncate) refers to ff.o(i.validate) for validate
    ff.o(i.f_truncate) refers to ff.o(i.get_fat) for get_fat
    ff.o(i.f_truncate) refers to ff.o(i.remove_chain) for remove_chain
    ff.o(i.f_truncate) refers to ff.o(i.put_fat) for put_fat
    ff.o(i.f_truncate) refers to diskio.o(i.disk_write) for disk_write
    ff.o(i.f_unlink) refers to ff.o(i.find_volume) for find_volume
    ff.o(i.f_unlink) refers to ff.o(i.follow_path) for follow_path
    ff.o(i.f_unlink) refers to ff.o(i.mem_cpy) for mem_cpy
    ff.o(i.f_unlink) refers to ff.o(i.dir_sdi) for dir_sdi
    ff.o(i.f_unlink) refers to ff.o(i.dir_read) for dir_read
    ff.o(i.f_unlink) refers to ff.o(i.move_window) for move_window
    ff.o(i.f_unlink) refers to ff.o(i.mem_set) for mem_set
    ff.o(i.f_unlink) refers to ff.o(i.remove_chain) for remove_chain
    ff.o(i.f_unlink) refers to ff.o(i.sync_fs) for sync_fs
    ff.o(i.f_utime) refers to ff.o(i.find_volume) for find_volume
    ff.o(i.f_utime) refers to ff.o(i.follow_path) for follow_path
    ff.o(i.f_utime) refers to ff.o(i.sync_fs) for sync_fs
    ff.o(i.f_write) refers to ff.o(i.validate) for validate
    ff.o(i.f_write) refers to ff.o(i.create_chain) for create_chain
    ff.o(i.f_write) refers to diskio.o(i.disk_write) for disk_write
    ff.o(i.f_write) refers to ff.o(i.mem_cpy) for mem_cpy
    ff.o(i.f_write) refers to diskio.o(i.disk_read) for disk_read
    ff.o(i.find_volume) refers to diskio.o(i.disk_status) for disk_status
    ff.o(i.find_volume) refers to diskio.o(i.disk_initialize) for disk_initialize
    ff.o(i.find_volume) refers to ff.o(i.move_window) for move_window
    ff.o(i.find_volume) refers to ff.o(.data) for .data
    ff.o(i.follow_path) refers to ff.o(i.dir_sdi) for dir_sdi
    ff.o(i.follow_path) refers to ff.o(i.mem_set) for mem_set
    ff.o(i.follow_path) refers to ff.o(i.sync_window) for sync_window
    ff.o(i.follow_path) refers to diskio.o(i.disk_read) for disk_read
    ff.o(i.follow_path) refers to ff.o(i.dir_next) for dir_next
    ff.o(i.get_fat) refers to ff.o(i.move_window) for move_window
    ff.o(i.move_window) refers to ff.o(i.sync_window) for sync_window
    ff.o(i.move_window) refers to diskio.o(i.disk_read) for disk_read
    ff.o(i.put_fat) refers to ff.o(i.move_window) for move_window
    ff.o(i.remove_chain) refers to ff.o(i.get_fat) for get_fat
    ff.o(i.remove_chain) refers to ff.o(i.put_fat) for put_fat
    ff.o(i.sync_fs) refers to ff.o(i.sync_window) for sync_window
    ff.o(i.sync_fs) refers to ff.o(i.mem_set) for mem_set
    ff.o(i.sync_fs) refers to diskio.o(i.disk_write) for disk_write
    ff.o(i.sync_fs) refers to diskio.o(i.disk_ioctl) for disk_ioctl
    ff.o(i.sync_window) refers to diskio.o(i.disk_write) for disk_write
    ff.o(i.validate) refers to diskio.o(i.disk_status) for disk_status
    entry.o(.ARM.Collect$$$$00000000) refers (Special) to entry10a.o(.ARM.Collect$$$$0000000D) for __rt_final_cpp
    entry.o(.ARM.Collect$$$$00000000) refers (Special) to entry11a.o(.ARM.Collect$$$$0000000F) for __rt_final_exit
    entry.o(.ARM.Collect$$$$00000000) refers (Special) to entry7b.o(.ARM.Collect$$$$00000008) for _main_clock
    entry.o(.ARM.Collect$$$$00000000) refers (Special) to entry8b.o(.ARM.Collect$$$$0000000A) for _main_cpp_init
    entry.o(.ARM.Collect$$$$00000000) refers (Special) to entry9a.o(.ARM.Collect$$$$0000000B) for _main_init
    entry.o(.ARM.Collect$$$$00000000) refers (Special) to entry5.o(.ARM.Collect$$$$00000004) for _main_scatterload
    entry.o(.ARM.Collect$$$$00000000) refers (Special) to entry2.o(.ARM.Collect$$$$00000001) for _main_stk
    entry2.o(.ARM.Collect$$$$00000001) refers to entry2.o(.ARM.Collect$$$$00002712) for __lit__00000000
    entry2.o(.ARM.Collect$$$$00002712) refers to startup.o(STACK) for __initial_sp
    entry2.o(__vectab_stack_and_reset_area) refers to startup.o(STACK) for __initial_sp
    entry2.o(__vectab_stack_and_reset_area) refers to entry.o(.ARM.Collect$$$$00000000) for __main
    entry5.o(.ARM.Collect$$$$00000004) refers to init.o(.text) for __scatterload
    entry9a.o(.ARM.Collect$$$$0000000B) refers to spaceinvaders.o(i.main) for main
    entry9b.o(.ARM.Collect$$$$0000000C) refers to spaceinvaders.o(i.main) for main
    init.o(.text) refers to entry5.o(.ARM.Collect$$$$00000004) for __main_after_scatterload


==============================================================================

Removing Unused input sections from the image.

    Removing startup.o(HEAP), (0 bytes).
    Removing random.o(DATA), (4 bytes).
    Removing random.o(.text), (64 bytes).
    Removing timer0.o(i.Arr_Init), (64 bytes).
    Removing timer0.o(i.writeArr), (64 bytes).
    Removing timer0.o(.constdata), (3840 bytes).
    Removing timer0.o(.data), (4 bytes).
    Removing sound.o(i.Sound_Init), (2 bytes).
    Removing sound.o(i.Sound_Play), (2 bytes).
    Removing sound.o(i.Sound_Shoot), (2 bytes).
    Removing lcd.o(.text), (72 bytes).
    Removing spaceinvaders.o(i.IO_Init), (168 bytes).
    Removing spaceinvaders.o(i.PortF_Init), (52 bytes).
    Removing st7735.o(i.Delay1ms), (26 bytes).
    Removing st7735.o(i.Output_Clear), (32 bytes).
    Removing st7735.o(i.Output_Color), (12 bytes).
    Removing st7735.o(i.Output_Off), (32 bytes).
    Removing st7735.o(i.Output_On), (92 bytes).
    Removing st7735.o(i.SDC_CS_Init), (156 bytes).
    Removing st7735.o(i.ST7735_DrawChar), (280 bytes).
    Removing st7735.o(i.ST7735_DrawCircle), (128 bytes).
    Removing st7735.o(i.ST7735_DrawFastVLine), (96 bytes).
    Removing st7735.o(i.ST7735_DrawSmallCircle), (128 bytes).
    Removing st7735.o(i.ST7735_InitB), (52 bytes).
    Removing st7735.o(i.ST7735_InitR), (124 bytes).
    Removing st7735.o(i.ST7735_InvertDisplay), (14 bytes).
    Removing st7735.o(i.ST7735_PlotBar), (68 bytes).
    Removing st7735.o(i.ST7735_PlotClear), (52 bytes).
    Removing st7735.o(i.ST7735_PlotLine), (220 bytes).
    Removing st7735.o(i.ST7735_PlotNext), (20 bytes).
    Removing st7735.o(i.ST7735_PlotNextErase), (36 bytes).
    Removing st7735.o(i.ST7735_PlotPoint), (132 bytes).
    Removing st7735.o(i.ST7735_PlotPoints), (140 bytes).
    Removing st7735.o(i.ST7735_PlotdBfs), (52 bytes).
    Removing st7735.o(i.ST7735_SetRotation), (112 bytes).
    Removing st7735.o(i.ST7735_SwapColor), (16 bytes).
    Removing st7735.o(i.ferror), (6 bytes).
    Removing st7735.o(i.fgetc), (4 bytes).
    Removing st7735.o(i.fputc), (12 bytes).
    Removing timer2.o(.bss), (548 bytes).
    Removing timer2.o(.data), (4 bytes).
    Removing timer2.o(.data), (4 bytes).
    Removing timer2.o(.data), (4 bytes).
    Removing timer2.o(.data), (4 bytes).
    Removing diskio.o(i.CS_Init), (156 bytes).
    Removing diskio.o(i.Timer5_Init), (92 bytes).
    Removing diskio.o(i.disk_timerproc), (44 bytes).
    Removing ff.o(i.clust2sect), (24 bytes).
    Removing ff.o(i.dir_read), (140 bytes).
    Removing ff.o(i.f_chdir), (98 bytes).
    Removing ff.o(i.f_chmod), (100 bytes).
    Removing ff.o(i.f_closedir), (18 bytes).
    Removing ff.o(i.f_getcwd), (496 bytes).
    Removing ff.o(i.f_getfree), (234 bytes).
    Removing ff.o(i.f_getlabel), (148 bytes).
    Removing ff.o(i.f_lseek), (364 bytes).
    Removing ff.o(i.f_mkdir), (500 bytes).
    Removing ff.o(i.f_mkfs), (1420 bytes).
    Removing ff.o(i.f_opendir), (112 bytes).
    Removing ff.o(i.f_readdir), (174 bytes).
    Removing ff.o(i.f_rename), (392 bytes).
    Removing ff.o(i.f_setlabel), (564 bytes).
    Removing ff.o(i.f_stat), (148 bytes).
    Removing ff.o(i.f_truncate), (180 bytes).
    Removing ff.o(i.f_unlink), (250 bytes).
    Removing ff.o(i.f_utime), (100 bytes).
    Removing ff.o(i.f_write), (430 bytes).
    Removing ff.o(.constdata), (44 bytes).

68 unused section(s) (total 13172 bytes) removed from the image.

==============================================================================

Image Symbol Table

    Local Symbols

    Symbol Name                              Value     Ov Type        Size  Object(Section)

    RESET                                    0x00000000   Section      644  startup.o(RESET)
    ../clib/../cmprslib/zerorunl2.c          0x00000000   Number         0  __dczerorl2.o ABSOLUTE
    ../clib/microlib/init/entry.s            0x00000000   Number         0  entry9a.o ABSOLUTE
    ../clib/microlib/init/entry.s            0x00000000   Number         0  entry2.o ABSOLUTE
    ../clib/microlib/init/entry.s            0x00000000   Number         0  entry9b.o ABSOLUTE
    ../clib/microlib/init/entry.s            0x00000000   Number         0  entry10a.o ABSOLUTE
    ../clib/microlib/init/entry.s            0x00000000   Number         0  entry10b.o ABSOLUTE
    ../clib/microlib/init/entry.s            0x00000000   Number         0  entry11a.o ABSOLUTE
    ../clib/microlib/init/entry.s            0x00000000   Number         0  entry11b.o ABSOLUTE
    ../clib/microlib/init/entry.s            0x00000000   Number         0  entry.o ABSOLUTE
    ../clib/microlib/init/entry.s            0x00000000   Number         0  entry8b.o ABSOLUTE
    ../clib/microlib/init/entry.s            0x00000000   Number         0  entry8a.o ABSOLUTE
    ../clib/microlib/init/entry.s            0x00000000   Number         0  entry7b.o ABSOLUTE
    ../clib/microlib/init/entry.s            0x00000000   Number         0  entry7a.o ABSOLUTE
    ../clib/microlib/init/entry.s            0x00000000   Number         0  entry5.o ABSOLUTE
    ../clib/microlib/string/memcpy.c         0x00000000   Number         0  memcpya.o ABSOLUTE
    ../clib/microlib/string/memcpy.c         0x00000000   Number         0  memcpyb.o ABSOLUTE
    ../clib/microlib/string/memset.c         0x00000000   Number         0  memseta.o ABSOLUTE
    ADC.c                                    0x00000000   Number         0  adc.o ABSOLUTE
    DAC.c                                    0x00000000   Number         0  dac.o ABSOLUTE
    LCD.s                                    0x00000000   Number         0  lcd.o ABSOLUTE
    PLL.c                                    0x00000000   Number         0  pll.o ABSOLUTE
    ST7735.c                                 0x00000000   Number         0  st7735.o ABSOLUTE
    ST7735.c                                 0x00000000   Number         0  st7735.o ABSOLUTE
    Sound.c                                  0x00000000   Number         0  sound.o ABSOLUTE
    SpaceInvaders.c                          0x00000000   Number         0  spaceinvaders.o ABSOLUTE
    Timer0.c                                 0x00000000   Number         0  timer0.o ABSOLUTE
    Timer1.c                                 0x00000000   Number         0  timer1.o ABSOLUTE
    Timer2.c                                 0x00000000   Number         0  timer2.o ABSOLUTE
    dc.s                                     0x00000000   Number         0  dc.o ABSOLUTE
    diskio.c                                 0x00000000   Number         0  diskio.o ABSOLUTE
    ff.c                                     0x00000000   Number         0  ff.o ABSOLUTE
    handlers.s                               0x00000000   Number         0  handlers.o ABSOLUTE
    init.s                                   0x00000000   Number         0  init.o ABSOLUTE
    random.s                                 0x00000000   Number         0  random.o ABSOLUTE
    startup.s                                0x00000000   Number         0  startup.o ABSOLUTE
    .ARM.Collect$$$$00000000                 0x00000284   Section        0  entry.o(.ARM.Collect$$$$00000000)
    .ARM.Collect$$$$00000001                 0x00000284   Section        4  entry2.o(.ARM.Collect$$$$00000001)
    .ARM.Collect$$$$00000004                 0x00000288   Section        4  entry5.o(.ARM.Collect$$$$00000004)
    .ARM.Collect$$$$00000008                 0x0000028c   Section        0  entry7b.o(.ARM.Collect$$$$00000008)
    .ARM.Collect$$$$0000000A                 0x0000028c   Section        0  entry8b.o(.ARM.Collect$$$$0000000A)
    .ARM.Collect$$$$0000000B                 0x0000028c   Section        8  entry9a.o(.ARM.Collect$$$$0000000B)
    .ARM.Collect$$$$0000000D                 0x00000294   Section        0  entry10a.o(.ARM.Collect$$$$0000000D)
    .ARM.Collect$$$$0000000F                 0x00000294   Section        0  entry11a.o(.ARM.Collect$$$$0000000F)
    .ARM.Collect$$$$00002712                 0x00000294   Section        4  entry2.o(.ARM.Collect$$$$00002712)
    __lit__00000000                          0x00000294   Data           4  entry2.o(.ARM.Collect$$$$00002712)
    .emb_text                                0x00000298   Section        6  st7735.o(.emb_text)
    .text                                    0x000002a0   Section       28  startup.o(.text)
    .text                                    0x000002bc   Section       36  init.o(.text)
    .text                                    0x000002e0   Section        0  __dczerorl2.o(.text)
    i.ADC_In                                 0x00000338   Section        0  adc.o(i.ADC_In)
    i.ADC_Init                               0x00000358   Section        0  adc.o(i.ADC_Init)
    i.CheckKillD                             0x0000041c   Section        0  timer0.o(i.CheckKillD)
    i.CheckKillL                             0x00000494   Section        0  timer0.o(i.CheckKillL)
    i.CheckKillR                             0x0000050c   Section        0  timer0.o(i.CheckKillR)
    i.CheckKillU                             0x00000584   Section        0  timer0.o(i.CheckKillU)
    i.DAC_Init                               0x000005fc   Section        0  dac.o(i.DAC_Init)
    i.DAC_Out                                0x00000630   Section        0  dac.o(i.DAC_Out)
    i.Delay100ms                             0x0000063c   Section        0  spaceinvaders.o(i.Delay100ms)
    i.GPIOPortE_Handler                      0x00000674   Section        0  spaceinvaders.o(i.GPIOPortE_Handler)
    i.Output_Init                            0x00000764   Section        0  st7735.o(i.Output_Init)
    i.PLL_Init                               0x000007c0   Section        0  pll.o(i.PLL_Init)
    i.SSI0_Init                              0x00000820   Section        0  diskio.o(i.SSI0_Init)
    i.ST7735_Color565                        0x00000a40   Section        0  st7735.o(i.ST7735_Color565)
    i.ST7735_DrawBitmap                      0x00000a54   Section        0  st7735.o(i.ST7735_DrawBitmap)
    i.ST7735_DrawCharS                       0x00000b5c   Section        0  st7735.o(i.ST7735_DrawCharS)
    i.ST7735_DrawFastHLine                   0x00000c50   Section        0  st7735.o(i.ST7735_DrawFastHLine)
    i.ST7735_DrawPixel                       0x00000cb0   Section        0  st7735.o(i.ST7735_DrawPixel)
    i.ST7735_DrawString                      0x00000cf4   Section        0  st7735.o(i.ST7735_DrawString)
    i.ST7735_FillRect                        0x00000d58   Section        0  st7735.o(i.ST7735_FillRect)
    i.ST7735_FillScreen                      0x00000ddc   Section        0  st7735.o(i.ST7735_FillScreen)
    i.ST7735_OutChar                         0x00000df8   Section        0  st7735.o(i.ST7735_OutChar)
    i.ST7735_OutString                       0x00000efc   Section        0  st7735.o(i.ST7735_OutString)
    i.ST7735_OutUDec                         0x00000f1c   Section        0  st7735.o(i.ST7735_OutUDec)
    i.ST7735_SetCursor                       0x00000ff0   Section        0  st7735.o(i.ST7735_SetCursor)
    i.ST7735_SetTextColor                    0x00001004   Section        0  st7735.o(i.ST7735_SetTextColor)
    i.Timer0A_Handler                        0x00001010   Section        0  timer0.o(i.Timer0A_Handler)
    i.Timer0_Init                            0x00001214   Section        0  timer0.o(i.Timer0_Init)
    i.Timer1A_Handler                        0x00001270   Section        0  timer1.o(i.Timer1A_Handler)
    i.Timer1_Init                            0x00001298   Section        0  timer1.o(i.Timer1_Init)
    i.Timer2A_Handler                        0x000012e4   Section        0  timer2.o(i.Timer2A_Handler)
    i.Timer2_Init                            0x000013a4   Section        0  timer2.o(i.Timer2_Init)
    i.Timer5A_Handler                        0x0000147c   Section        0  diskio.o(i.Timer5A_Handler)
    i.__scatterload_copy                     0x000014b4   Section       14  handlers.o(i.__scatterload_copy)
    i.__scatterload_null                     0x000014c2   Section        2  handlers.o(i.__scatterload_null)
    i.__scatterload_zeroinit                 0x000014c4   Section       14  handlers.o(i.__scatterload_zeroinit)
    i.buff_3Digit                            0x000014d4   Section        0  timer2.o(i.buff_3Digit)
    i.commandList                            0x000015a0   Section        0  st7735.o(i.commandList)
    commandList                              0x000015a1   Thumb Code   158  st7735.o(i.commandList)
    i.commonInit                             0x00001648   Section        0  st7735.o(i.commonInit)
    commonInit                               0x00001649   Thumb Code   464  st7735.o(i.commonInit)
    i.create_chain                           0x00001870   Section        0  ff.o(i.create_chain)
    create_chain                             0x00001871   Thumb Code   178  ff.o(i.create_chain)
    i.dir_next                               0x00001922   Section        0  ff.o(i.dir_next)
    dir_next                                 0x00001923   Thumb Code   372  ff.o(i.dir_next)
    i.dir_register                           0x00001a96   Section        0  ff.o(i.dir_register)
    dir_register                             0x00001a97   Thumb Code   144  ff.o(i.dir_register)
    i.dir_sdi                                0x00001b26   Section        0  ff.o(i.dir_sdi)
    dir_sdi                                  0x00001b27   Thumb Code   146  ff.o(i.dir_sdi)
    i.disk_initialize                        0x00001bb8   Section        0  diskio.o(i.disk_initialize)
    i.disk_ioctl                             0x00001d78   Section        0  diskio.o(i.disk_ioctl)
    i.disk_read                              0x00001ffc   Section        0  diskio.o(i.disk_read)
    i.disk_status                            0x000020a4   Section        0  diskio.o(i.disk_status)
    i.disk_write                             0x000020b4   Section        0  diskio.o(i.disk_write)
    i.f_close                                0x0000217c   Section        0  ff.o(i.f_close)
    i.f_mount                                0x0000219c   Section        0  ff.o(i.f_mount)
    i.f_open                                 0x00002208   Section        0  ff.o(i.f_open)
    i.f_read                                 0x0000236a   Section        0  ff.o(i.f_read)
    i.f_sync                                 0x000024e6   Section        0  ff.o(i.f_sync)
    i.fifo_Read                              0x0000258c   Section        0  timer2.o(i.fifo_Read)
    i.fillmessage                            0x000025c0   Section        0  st7735.o(i.fillmessage)
    i.find_volume                            0x00002604   Section        0  ff.o(i.find_volume)
    find_volume                              0x00002605   Thumb Code   872  ff.o(i.find_volume)
    i.follow_path                            0x00002980   Section        0  ff.o(i.follow_path)
    follow_path                              0x00002981   Thumb Code   604  ff.o(i.follow_path)
    i.get_fat                                0x00002bec   Section        0  ff.o(i.get_fat)
    i.main                                   0x00002ca8   Section        0  spaceinvaders.o(i.main)
    i.mem_cpy                                0x00002f7c   Section        0  ff.o(i.mem_cpy)
    mem_cpy                                  0x00002f7d   Thumb Code    48  ff.o(i.mem_cpy)
    i.mem_set                                0x00002fac   Section        0  ff.o(i.mem_set)
    mem_set                                  0x00002fad   Thumb Code    40  ff.o(i.mem_set)
    i.move_window                            0x00002fd4   Section        0  ff.o(i.move_window)
    move_window                              0x00002fd5   Thumb Code    54  ff.o(i.move_window)
    i.put_fat                                0x0000300a   Section        0  ff.o(i.put_fat)
    i.rcvr_datablock                         0x00003114   Section        0  diskio.o(i.rcvr_datablock)
    rcvr_datablock                           0x00003115   Thumb Code   220  diskio.o(i.rcvr_datablock)
    i.remove_chain                           0x000031f8   Section        0  ff.o(i.remove_chain)
    remove_chain                             0x000031f9   Thumb Code   102  ff.o(i.remove_chain)
    i.select                                 0x00003260   Section        0  diskio.o(i.select)
    select                                   0x00003261   Thumb Code   152  diskio.o(i.select)
    i.send_cmd                               0x00003304   Section        0  diskio.o(i.send_cmd)
    send_cmd                                 0x00003305   Thumb Code   376  diskio.o(i.send_cmd)
    i.setAddrWindow                          0x00003484   Section        0  st7735.o(i.setAddrWindow)
    setAddrWindow                            0x00003485   Thumb Code   100  st7735.o(i.setAddrWindow)
    i.sync_fs                                0x000034ec   Section        0  ff.o(i.sync_fs)
    sync_fs                                  0x000034ed   Thumb Code   182  ff.o(i.sync_fs)
    i.sync_window                            0x000035a2   Section        0  ff.o(i.sync_window)
    sync_window                              0x000035a3   Thumb Code    84  ff.o(i.sync_window)
    i.validate                               0x000035f6   Section        0  ff.o(i.validate)
    validate                                 0x000035f7   Thumb Code    44  ff.o(i.validate)
    i.writecommand                           0x00003624   Section        0  st7735.o(i.writecommand)
    writecommand                             0x00003625   Thumb Code    54  st7735.o(i.writecommand)
    i.writedata                              0x00003664   Section        0  st7735.o(i.writedata)
    writedata                                0x00003665   Thumb Code    56  st7735.o(i.writedata)
    i.xmit_datablock                         0x000036a4   Section        0  diskio.o(i.xmit_datablock)
    xmit_datablock                           0x000036a5   Thumb Code   240  diskio.o(i.xmit_datablock)
    .constdata                               0x0000379c   Section     3040  timer0.o(.constdata)
    .constdata                               0x0000437c   Section     3520  timer0.o(.constdata)
    .constdata                               0x0000513c   Section     3520  timer0.o(.constdata)
    .constdata                               0x00005efc   Section     8192  timer0.o(.constdata)
    .constdata                               0x00007efc   Section    15400  timer0.o(.constdata)
    .constdata                               0x0000bb24   Section     2114  st7735.o(.constdata)
    Font                                     0x0000bb24   Data        1275  st7735.o(.constdata)
    Bcmd                                     0x0000c01f   Data         103  st7735.o(.constdata)
    Rcmd1                                    0x0000c086   Data          59  st7735.o(.constdata)
    Rcmd2green                               0x0000c0c1   Data          13  st7735.o(.constdata)
    Rcmd2red                                 0x0000c0ce   Data          13  st7735.o(.constdata)
    Rcmd3                                    0x0000c0db   Data          43  st7735.o(.constdata)
    .data                                    0x20000000   Section      226  timer0.o(.data)
    .data                                    0x200000e2   Section        1  timer1.o(.data)
    .data                                    0x200000e4   Section       44  st7735.o(.data)
    ColStart                                 0x200000e4   Data           1  st7735.o(.data)
    RowStart                                 0x200000e5   Data           1  st7735.o(.data)
    Rotation                                 0x200000e6   Data           1  st7735.o(.data)
    TabColor                                 0x200000e7   Data           1  st7735.o(.data)
    _width                                   0x200000ea   Data           2  st7735.o(.data)
    _height                                  0x200000ec   Data           2  st7735.o(.data)
    .data                                    0x20000110   Section       12  timer2.o(.data)
    .data                                    0x2000011c   Section        1  timer2.o(.data)
    .data                                    0x20000120   Section       36  timer2.o(.data)
    .data                                    0x20000144   Section       12  diskio.o(.data)
    Stat                                     0x20000144   Data           1  diskio.o(.data)
    CardType                                 0x20000145   Data           1  diskio.o(.data)
    Timer1                                   0x20000148   Data           4  diskio.o(.data)
    Timer2                                   0x2000014c   Data           4  diskio.o(.data)
    .data                                    0x20000150   Section        8  ff.o(.data)
    Fsid                                     0x20000150   Data           2  ff.o(.data)
    FatFs                                    0x20000154   Data           4  ff.o(.data)
    .bss                                     0x20000158   Section      720  timer0.o(.bss)
    .bss                                     0x20000428   Section      564  spaceinvaders.o(.bss)
    g_sFatFs                                 0x20000428   Data         564  spaceinvaders.o(.bss)
    .bss                                     0x2000065c   Section       12  st7735.o(.bss)
    .bss                                     0x20000668   Section     1828  timer2.o(.bss)
    STACK                                    0x20000d90   Section     1024  startup.o(STACK)
    StackMem                                 0x20000d90   Data           0  startup.o(STACK)

    Global Symbols

    Symbol Name                              Value     Ov Type        Size  Object(Section)

    BuildAttributes$$THM_ISAv4$E$P$D$K$B$S$7EM$PE$A:L22UL41UL21$X:L11$S22US41US21$IEEE1$IW$USESV6$~STKCKD$USESV7$~SHL$OTIME$EBA8$MICROLIB$REQ8$PRES8$EABIv2 0x00000000   Number         0  anon$$obj.o ABSOLUTE
    __ARM_use_no_argv                        0x00000000   Number         0  spaceinvaders.o ABSOLUTE
    __Vectors                                0x00000000   Data           0  startup.o(RESET)
    __cpp_initialize__aeabi_                  - Undefined Weak Reference
    __cxa_finalize                            - Undefined Weak Reference
    _clock_init                               - Undefined Weak Reference
    _microlib_exit                            - Undefined Weak Reference
    Reset_Handler                            0x0000026d   Thumb Code     0  startup.o(RESET)
    NMI_Handler                              0x00000271   Thumb Code     2  startup.o(RESET)
    HardFault_Handler                        0x00000273   Thumb Code     2  startup.o(RESET)
    MemManage_Handler                        0x00000275   Thumb Code     2  startup.o(RESET)
    BusFault_Handler                         0x00000277   Thumb Code     2  startup.o(RESET)
    UsageFault_Handler                       0x00000279   Thumb Code     2  startup.o(RESET)
    SVC_Handler                              0x0000027b   Thumb Code     2  startup.o(RESET)
    DebugMon_Handler                         0x0000027d   Thumb Code     2  startup.o(RESET)
    PendSV_Handler                           0x0000027f   Thumb Code     2  startup.o(RESET)
    SysTick_Handler                          0x00000281   Thumb Code     2  startup.o(RESET)
    ADC0Seq0_Handler                         0x00000283   Thumb Code     0  startup.o(RESET)
    ADC0Seq1_Handler                         0x00000283   Thumb Code     0  startup.o(RESET)
    ADC0Seq2_Handler                         0x00000283   Thumb Code     0  startup.o(RESET)
    ADC0Seq3_Handler                         0x00000283   Thumb Code     0  startup.o(RESET)
    ADC1Seq0_Handler                         0x00000283   Thumb Code     0  startup.o(RESET)
    ADC1Seq1_Handler                         0x00000283   Thumb Code     0  startup.o(RESET)
    ADC1Seq2_Handler                         0x00000283   Thumb Code     0  startup.o(RESET)
    ADC1Seq3_Handler                         0x00000283   Thumb Code     0  startup.o(RESET)
    CAN0_Handler                             0x00000283   Thumb Code     0  startup.o(RESET)
    CAN1_Handler                             0x00000283   Thumb Code     0  startup.o(RESET)
    CAN2_Handler                             0x00000283   Thumb Code     0  startup.o(RESET)
    Comp0_Handler                            0x00000283   Thumb Code     0  startup.o(RESET)
    Comp1_Handler                            0x00000283   Thumb Code     0  startup.o(RESET)
    Comp2_Handler                            0x00000283   Thumb Code     0  startup.o(RESET)
    Ethernet_Handler                         0x00000283   Thumb Code     0  startup.o(RESET)
    ExtBus_Handler                           0x00000283   Thumb Code     0  startup.o(RESET)
    FPU_Handler                              0x00000283   Thumb Code     0  startup.o(RESET)
    Fan0_Handler                             0x00000283   Thumb Code     0  startup.o(RESET)
    FlashCtl_Handler                         0x00000283   Thumb Code     0  startup.o(RESET)
    GPIOPortA_Handler                        0x00000283   Thumb Code     0  startup.o(RESET)
    GPIOPortB_Handler                        0x00000283   Thumb Code     0  startup.o(RESET)
    GPIOPortC_Handler                        0x00000283   Thumb Code     0  startup.o(RESET)
    GPIOPortD_Handler                        0x00000283   Thumb Code     0  startup.o(RESET)
    GPIOPortF_Handler                        0x00000283   Thumb Code     0  startup.o(RESET)
    GPIOPortG_Handler                        0x00000283   Thumb Code     0  startup.o(RESET)
    GPIOPortH_Handler                        0x00000283   Thumb Code     0  startup.o(RESET)
    GPIOPortJ_Handler                        0x00000283   Thumb Code     0  startup.o(RESET)
    GPIOPortK_Handler                        0x00000283   Thumb Code     0  startup.o(RESET)
    GPIOPortL_Handler                        0x00000283   Thumb Code     0  startup.o(RESET)
    GPIOPortM_Handler                        0x00000283   Thumb Code     0  startup.o(RESET)
    GPIOPortN_Handler                        0x00000283   Thumb Code     0  startup.o(RESET)
    GPIOPortP1_Handler                       0x00000283   Thumb Code     0  startup.o(RESET)
    GPIOPortP2_Handler                       0x00000283   Thumb Code     0  startup.o(RESET)
    GPIOPortP3_Handler                       0x00000283   Thumb Code     0  startup.o(RESET)
    GPIOPortP4_Handler                       0x00000283   Thumb Code     0  startup.o(RESET)
    GPIOPortP5_Handler                       0x00000283   Thumb Code     0  startup.o(RESET)
    GPIOPortP6_Handler                       0x00000283   Thumb Code     0  startup.o(RESET)
    GPIOPortP7_Handler                       0x00000283   Thumb Code     0  startup.o(RESET)
    GPIOPortP_Handler                        0x00000283   Thumb Code     0  startup.o(RESET)
    GPIOPortQ1_Handler                       0x00000283   Thumb Code     0  startup.o(RESET)
    GPIOPortQ2_Handler                       0x00000283   Thumb Code     0  startup.o(RESET)
    GPIOPortQ3_Handler                       0x00000283   Thumb Code     0  startup.o(RESET)
    GPIOPortQ4_Handler                       0x00000283   Thumb Code     0  startup.o(RESET)
    GPIOPortQ5_Handler                       0x00000283   Thumb Code     0  startup.o(RESET)
    GPIOPortQ6_Handler                       0x00000283   Thumb Code     0  startup.o(RESET)
    GPIOPortQ7_Handler                       0x00000283   Thumb Code     0  startup.o(RESET)
    GPIOPortQ_Handler                        0x00000283   Thumb Code     0  startup.o(RESET)
    GPIOPortR_Handler                        0x00000283   Thumb Code     0  startup.o(RESET)
    GPIOPortS_Handler                        0x00000283   Thumb Code     0  startup.o(RESET)
    Hibernate_Handler                        0x00000283   Thumb Code     0  startup.o(RESET)
    I2C0_Handler                             0x00000283   Thumb Code     0  startup.o(RESET)
    I2C1_Handler                             0x00000283   Thumb Code     0  startup.o(RESET)
    I2C2_Handler                             0x00000283   Thumb Code     0  startup.o(RESET)
    I2C3_Handler                             0x00000283   Thumb Code     0  startup.o(RESET)
    I2C4_Handler                             0x00000283   Thumb Code     0  startup.o(RESET)
    I2C5_Handler                             0x00000283   Thumb Code     0  startup.o(RESET)
    I2S0_Handler                             0x00000283   Thumb Code     0  startup.o(RESET)
    LPC0_Handler                             0x00000283   Thumb Code     0  startup.o(RESET)
    PECI0_Handler                            0x00000283   Thumb Code     0  startup.o(RESET)
    PWM0Fault_Handler                        0x00000283   Thumb Code     0  startup.o(RESET)
    PWM0Generator0_Handler                   0x00000283   Thumb Code     0  startup.o(RESET)
    PWM0Generator1_Handler                   0x00000283   Thumb Code     0  startup.o(RESET)
    PWM0Generator2_Handler                   0x00000283   Thumb Code     0  startup.o(RESET)
    PWM0Generator3_Handler                   0x00000283   Thumb Code     0  startup.o(RESET)
    PWM1Fault_Handler                        0x00000283   Thumb Code     0  startup.o(RESET)
    PWM1Generator0_Handler                   0x00000283   Thumb Code     0  startup.o(RESET)
    PWM1Generator1_Handler                   0x00000283   Thumb Code     0  startup.o(RESET)
    PWM1Generator2_Handler                   0x00000283   Thumb Code     0  startup.o(RESET)
    PWM1Generator3_Handler                   0x00000283   Thumb Code     0  startup.o(RESET)
    Quadrature0_Handler                      0x00000283   Thumb Code     0  startup.o(RESET)
    Quadrature1_Handler                      0x00000283   Thumb Code     0  startup.o(RESET)
    Quadrature2_Handler                      0x00000283   Thumb Code     0  startup.o(RESET)
    SSI0_Handler                             0x00000283   Thumb Code     0  startup.o(RESET)
    SSI1_Handler                             0x00000283   Thumb Code     0  startup.o(RESET)
    SSI2_Handler                             0x00000283   Thumb Code     0  startup.o(RESET)
    SSI3_Handler                             0x00000283   Thumb Code     0  startup.o(RESET)
    SysCtl_Handler                           0x00000283   Thumb Code     0  startup.o(RESET)
    Timer0B_Handler                          0x00000283   Thumb Code     0  startup.o(RESET)
    Timer1B_Handler                          0x00000283   Thumb Code     0  startup.o(RESET)
    Timer2B_Handler                          0x00000283   Thumb Code     0  startup.o(RESET)
    Timer3A_Handler                          0x00000283   Thumb Code     0  startup.o(RESET)
    Timer3B_Handler                          0x00000283   Thumb Code     0  startup.o(RESET)
    Timer4A_Handler                          0x00000283   Thumb Code     0  startup.o(RESET)
    Timer4B_Handler                          0x00000283   Thumb Code     0  startup.o(RESET)
    Timer5B_Handler                          0x00000283   Thumb Code     0  startup.o(RESET)
    UART0_Handler                            0x00000283   Thumb Code     0  startup.o(RESET)
    UART1_Handler                            0x00000283   Thumb Code     0  startup.o(RESET)
    UART2_Handler                            0x00000283   Thumb Code     0  startup.o(RESET)
    UART3_Handler                            0x00000283   Thumb Code     0  startup.o(RESET)
    UART4_Handler                            0x00000283   Thumb Code     0  startup.o(RESET)
    UART5_Handler                            0x00000283   Thumb Code     0  startup.o(RESET)
    UART6_Handler                            0x00000283   Thumb Code     0  startup.o(RESET)
    UART7_Handler                            0x00000283   Thumb Code     0  startup.o(RESET)
    USB0_Handler                             0x00000283   Thumb Code     0  startup.o(RESET)
    WDT_Handler                              0x00000283   Thumb Code     0  startup.o(RESET)
    WideTimer0A_Handler                      0x00000283   Thumb Code     0  startup.o(RESET)
    WideTimer0B_Handler                      0x00000283   Thumb Code     0  startup.o(RESET)
    WideTimer1A_Handler                      0x00000283   Thumb Code     0  startup.o(RESET)
    WideTimer1B_Handler                      0x00000283   Thumb Code     0  startup.o(RESET)
    WideTimer2A_Handler                      0x00000283   Thumb Code     0  startup.o(RESET)
    WideTimer2B_Handler                      0x00000283   Thumb Code     0  startup.o(RESET)
    WideTimer3A_Handler                      0x00000283   Thumb Code     0  startup.o(RESET)
    WideTimer3B_Handler                      0x00000283   Thumb Code     0  startup.o(RESET)
    WideTimer4A_Handler                      0x00000283   Thumb Code     0  startup.o(RESET)
    WideTimer4B_Handler                      0x00000283   Thumb Code     0  startup.o(RESET)
    WideTimer5A_Handler                      0x00000283   Thumb Code     0  startup.o(RESET)
    WideTimer5B_Handler                      0x00000283   Thumb Code     0  startup.o(RESET)
    uDMA_Error                               0x00000283   Thumb Code     0  startup.o(RESET)
    uDMA_Handler                             0x00000283   Thumb Code     0  startup.o(RESET)
    __main                                   0x00000285   Thumb Code     0  entry.o(.ARM.Collect$$$$00000000)
    _main_stk                                0x00000285   Thumb Code     0  entry2.o(.ARM.Collect$$$$00000001)
    _main_scatterload                        0x00000289   Thumb Code     0  entry5.o(.ARM.Collect$$$$00000004)
    __main_after_scatterload                 0x0000028d   Thumb Code     0  entry5.o(.ARM.Collect$$$$00000004)
    _main_clock                              0x0000028d   Thumb Code     0  entry7b.o(.ARM.Collect$$$$00000008)
    _main_cpp_init                           0x0000028d   Thumb Code     0  entry8b.o(.ARM.Collect$$$$0000000A)
    _main_init                               0x0000028d   Thumb Code     0  entry9a.o(.ARM.Collect$$$$0000000B)
    __rt_final_cpp                           0x00000295   Thumb Code     0  entry10a.o(.ARM.Collect$$$$0000000D)
    __rt_final_exit                          0x00000295   Thumb Code     0  entry11a.o(.ARM.Collect$$$$0000000F)
    Delay                                    0x00000299   Thumb Code     6  st7735.o(.emb_text)
    DisableInterrupts                        0x000002a1   Thumb Code     0  startup.o(.text)
    EnableInterrupts                         0x000002a5   Thumb Code     0  startup.o(.text)
    StartCritical                            0x000002a9   Thumb Code     0  startup.o(.text)
    EndCritical                              0x000002b1   Thumb Code     0  startup.o(.text)
    WaitForInterrupt                         0x000002b7   Thumb Code     0  startup.o(.text)
    __scatterload                            0x000002bd   Thumb Code    28  init.o(.text)
    __scatterload_rt2                        0x000002bd   Thumb Code     0  init.o(.text)
    __decompress                             0x000002e1   Thumb Code     0  __dczerorl2.o(.text)
    __decompress1                            0x000002e1   Thumb Code    86  __dczerorl2.o(.text)
    ADC_In                                   0x00000339   Thumb Code    26  adc.o(i.ADC_In)
    ADC_Init                                 0x00000359   Thumb Code   156  adc.o(i.ADC_Init)
    CheckKillD                               0x0000041d   Thumb Code   110  timer0.o(i.CheckKillD)
    CheckKillL                               0x00000495   Thumb Code   110  timer0.o(i.CheckKillL)
    CheckKillR                               0x0000050d   Thumb Code   110  timer0.o(i.CheckKillR)
    CheckKillU                               0x00000585   Thumb Code   110  timer0.o(i.CheckKillU)
    DAC_Init                                 0x000005fd   Thumb Code    40  dac.o(i.DAC_Init)
    DAC_Out                                  0x00000631   Thumb Code     8  dac.o(i.DAC_Out)
    Delay100ms                               0x0000063d   Thumb Code    52  spaceinvaders.o(i.Delay100ms)
    GPIOPortE_Handler                        0x00000675   Thumb Code   184  spaceinvaders.o(i.GPIOPortE_Handler)
    Output_Init                              0x00000765   Thumb Code    76  st7735.o(i.Output_Init)
    PLL_Init                                 0x000007c1   Thumb Code    92  pll.o(i.PLL_Init)
    SSI0_Init                                0x00000821   Thumb Code   440  diskio.o(i.SSI0_Init)
    ST7735_Color565                          0x00000a41   Thumb Code    20  st7735.o(i.ST7735_Color565)
    ST7735_DrawBitmap                        0x00000a55   Thumb Code   260  st7735.o(i.ST7735_DrawBitmap)
    ST7735_DrawCharS                         0x00000b5d   Thumb Code   236  st7735.o(i.ST7735_DrawCharS)
    ST7735_DrawFastHLine                     0x00000c51   Thumb Code    90  st7735.o(i.ST7735_DrawFastHLine)
    ST7735_DrawPixel                         0x00000cb1   Thumb Code    64  st7735.o(i.ST7735_DrawPixel)
    ST7735_DrawString                        0x00000cf5   Thumb Code    98  st7735.o(i.ST7735_DrawString)
    ST7735_FillRect                          0x00000d59   Thumb Code   128  st7735.o(i.ST7735_FillRect)
    ST7735_FillScreen                        0x00000ddd   Thumb Code    24  st7735.o(i.ST7735_FillScreen)
    ST7735_OutChar                           0x00000df9   Thumb Code   232  st7735.o(i.ST7735_OutChar)
    ST7735_OutString                         0x00000efd   Thumb Code    30  st7735.o(i.ST7735_OutString)
    ST7735_OutUDec                           0x00000f1d   Thumb Code   200  st7735.o(i.ST7735_OutUDec)
    ST7735_SetCursor                         0x00000ff1   Thumb Code    14  st7735.o(i.ST7735_SetCursor)
    ST7735_SetTextColor                      0x00001005   Thumb Code     6  st7735.o(i.ST7735_SetTextColor)
    Timer0A_Handler                          0x00001011   Thumb Code   442  timer0.o(i.Timer0A_Handler)
    Timer0_Init                              0x00001215   Thumb Code    76  timer0.o(i.Timer0_Init)
    Timer1A_Handler                          0x00001271   Thumb Code    32  timer1.o(i.Timer1A_Handler)
    Timer1_Init                              0x00001299   Thumb Code    62  timer1.o(i.Timer1_Init)
    Timer2A_Handler                          0x000012e5   Thumb Code   162  timer2.o(i.Timer2A_Handler)
    Timer2_Init                              0x000013a5   Thumb Code   186  timer2.o(i.Timer2_Init)
    Timer5A_Handler                          0x0000147d   Thumb Code    46  diskio.o(i.Timer5A_Handler)
    __scatterload_copy                       0x000014b5   Thumb Code    14  handlers.o(i.__scatterload_copy)
    __scatterload_null                       0x000014c3   Thumb Code     2  handlers.o(i.__scatterload_null)
    __scatterload_zeroinit                   0x000014c5   Thumb Code    14  handlers.o(i.__scatterload_zeroinit)
    buff_3Digit                              0x000014d5   Thumb Code   192  timer2.o(i.buff_3Digit)
    disk_initialize                          0x00001bb9   Thumb Code   434  diskio.o(i.disk_initialize)
    disk_ioctl                               0x00001d79   Thumb Code   630  diskio.o(i.disk_ioctl)
    disk_read                                0x00001ffd   Thumb Code   156  diskio.o(i.disk_read)
    disk_status                              0x000020a5   Thumb Code    12  diskio.o(i.disk_status)
    disk_write                               0x000020b5   Thumb Code   188  diskio.o(i.disk_write)
    f_close                                  0x0000217d   Thumb Code    30  ff.o(i.f_close)
    f_mount                                  0x0000219d   Thumb Code   104  ff.o(i.f_mount)
    f_open                                   0x00002209   Thumb Code   354  ff.o(i.f_open)
    f_read                                   0x0000236b   Thumb Code   380  ff.o(i.f_read)
    f_sync                                   0x000024e7   Thumb Code   166  ff.o(i.f_sync)
    fifo_Read                                0x0000258d   Thumb Code    42  timer2.o(i.fifo_Read)
    fillmessage                              0x000025c1   Thumb Code    54  st7735.o(i.fillmessage)
    get_fat                                  0x00002bed   Thumb Code   188  ff.o(i.get_fat)
    main                                     0x00002ca9   Thumb Code   558  spaceinvaders.o(i.main)
    put_fat                                  0x0000300b   Thumb Code   264  ff.o(i.put_fat)
    THREE                                    0x0000379c   Data        3040  timer0.o(.constdata)
    TWO                                      0x0000437c   Data        3520  timer0.o(.constdata)
    ONE                                      0x0000513c   Data        3520  timer0.o(.constdata)
    DDRLOGO                                  0x00005efc   Data        8192  timer0.o(.constdata)
    arrowUp                                  0x00007efc   Data        1300  timer0.o(.constdata)
    arrowUpRain                              0x00008410   Data        1300  timer0.o(.constdata)
    arrowUpWhite                             0x00008924   Data        1250  timer0.o(.constdata)
    arrowDown                                0x00008e06   Data        1300  timer0.o(.constdata)
    arrowDownRain                            0x0000931a   Data        1300  timer0.o(.constdata)
    arrowDownWhite                           0x0000982e   Data        1250  timer0.o(.constdata)
    arrowLeft                                0x00009d10   Data        1300  timer0.o(.constdata)
    arrowLeftRain                            0x0000a224   Data        1300  timer0.o(.constdata)
    arrowLeftWhite                           0x0000a738   Data        1250  timer0.o(.constdata)
    arrowRight                               0x0000ac1a   Data        1300  timer0.o(.constdata)
    arrowRightRain                           0x0000b12e   Data        1300  timer0.o(.constdata)
    arrowRightWhite                          0x0000b642   Data        1250  timer0.o(.constdata)
    smallCircle                              0x0000c106   Data          36  st7735.o(.constdata)
    circle                                   0x0000c12a   Data          60  st7735.o(.constdata)
    dBfs                                     0x0000c166   Data         512  st7735.o(.constdata)
    Region$$Table$$Base                      0x0000c368   Number         0  anon$$obj.o(Region$$Table)
    Region$$Table$$Limit                     0x0000c388   Number         0  anon$$obj.o(Region$$Table)
    deploy                                   0x20000000   Data           1  timer0.o(.data)
    upCount                                  0x20000002   Data           2  timer0.o(.data)
    downCount                                0x20000004   Data           2  timer0.o(.data)
    leftCount                                0x20000006   Data           2  timer0.o(.data)
    rightCount                               0x20000008   Data           2  timer0.o(.data)
    score                                    0x2000000c   Data           4  timer0.o(.data)
    prog                                     0x20000010   Data           4  timer0.o(.data)
    hopes                                    0x20000014   Data         206  timer0.o(.data)
    out                                      0x200000e2   Data           1  timer1.o(.data)
    StTextColor                              0x200000e8   Data           2  st7735.o(.data)
    StX                                      0x200000f0   Data           4  st7735.o(.data)
    StY                                      0x200000f4   Data           4  st7735.o(.data)
    lastj                                    0x200000f8   Data           4  st7735.o(.data)
    Messageindex                             0x200000fc   Data           4  st7735.o(.data)
    Ymax                                     0x20000100   Data           4  st7735.o(.data)
    Ymin                                     0x20000104   Data           4  st7735.o(.data)
    X                                        0x20000108   Data           4  st7735.o(.data)
    Yrange                                   0x2000010c   Data           4  st7735.o(.data)
    inFilename                               0x20000110   Data          12  timer2.o(.data)
    MountFresult                             0x2000011c   Data           1  timer2.o(.data)
    Fresult                                  0x20000120   Data           1  timer2.o(.data)
    data                                     0x20000121   Data           1  timer2.o(.data)
    successfulreads                          0x20000124   Data           4  timer2.o(.data)
    bufferFull0                              0x20000128   Data           4  timer2.o(.data)
    bufferFull1                              0x2000012c   Data           4  timer2.o(.data)
    currentBuffer                            0x20000130   Data           4  timer2.o(.data)
    bufferProg                               0x20000134   Data           4  timer2.o(.data)
    success                                  0x20000138   Data           4  timer2.o(.data)
    readI                                    0x2000013c   Data           4  timer2.o(.data)
    writeI                                   0x20000140   Data           4  timer2.o(.data)
    UpArr                                    0x20000158   Data         180  timer0.o(.bss)
    DownArr                                  0x2000020c   Data         180  timer0.o(.bss)
    LeftArr                                  0x200002c0   Data         180  timer0.o(.bss)
    RightArr                                 0x20000374   Data         180  timer0.o(.bss)
    Message                                  0x2000065c   Data          12  st7735.o(.bss)
    Handle                                   0x20000668   Data         548  timer2.o(.bss)
    fifo                                     0x2000088c   Data         256  timer2.o(.bss)
    buffer0                                  0x2000098c   Data         512  timer2.o(.bss)
    buffer1                                  0x20000b8c   Data         512  timer2.o(.bss)
    __initial_sp                             0x20001190   Data           0  startup.o(STACK)



==============================================================================

Memory Map of the image

  Image Entry point : 0x0000026d

  Load Region LR_1 (Base: 0x00000000, Size: 0x0000c4e0, Max: 0xffffffff, ABSOLUTE, COMPRESSED[0x0000c3e0])

    Execution Region ER_RO (Exec base: 0x00000000, Load base: 0x00000000, Size: 0x0000c388, Max: 0xffffffff, ABSOLUTE)

    Exec Addr    Load Addr    Size         Type   Attr      Idx    E Section Name        Object

    0x00000000   0x00000000   0x00000284   Code   RO            3  * RESET               startup.o
    0x00000284   0x00000284   0x00000000   Code   RO          910  * .ARM.Collect$$$$00000000  mc_w.l(entry.o)
    0x00000284   0x00000284   0x00000004   Code   RO          919    .ARM.Collect$$$$00000001  mc_w.l(entry2.o)
    0x00000288   0x00000288   0x00000004   Code   RO          922    .ARM.Collect$$$$00000004  mc_w.l(entry5.o)
    0x0000028c   0x0000028c   0x00000000   Code   RO          924    .ARM.Collect$$$$00000008  mc_w.l(entry7b.o)
    0x0000028c   0x0000028c   0x00000000   Code   RO          926    .ARM.Collect$$$$0000000A  mc_w.l(entry8b.o)
    0x0000028c   0x0000028c   0x00000008   Code   RO          927    .ARM.Collect$$$$0000000B  mc_w.l(entry9a.o)
    0x00000294   0x00000294   0x00000000   Code   RO          929    .ARM.Collect$$$$0000000D  mc_w.l(entry10a.o)
    0x00000294   0x00000294   0x00000000   Code   RO          931    .ARM.Collect$$$$0000000F  mc_w.l(entry11a.o)
    0x00000294   0x00000294   0x00000004   Code   RO          920    .ARM.Collect$$$$00002712  mc_w.l(entry2.o)
    0x00000298   0x00000298   0x00000006   Code   RO          258    .emb_text           st7735.o
    0x0000029e   0x0000029e   0x00000002   PAD
    0x000002a0   0x000002a0   0x0000001c   Code   RO            4    .text               startup.o
    0x000002bc   0x000002bc   0x00000024   Code   RO          933    .text               mc_w.l(init.o)
    0x000002e0   0x000002e0   0x00000056   Code   RO          943    .text               mc_w.l(__dczerorl2.o)
    0x00000336   0x00000336   0x00000002   PAD
    0x00000338   0x00000338   0x00000020   Code   RO           41    i.ADC_In            adc.o
    0x00000358   0x00000358   0x000000c4   Code   RO           42    i.ADC_Init          adc.o
    0x0000041c   0x0000041c   0x00000078   Code   RO           60    i.CheckKillD        timer0.o
    0x00000494   0x00000494   0x00000078   Code   RO           61    i.CheckKillL        timer0.o
    0x0000050c   0x0000050c   0x00000078   Code   RO           62    i.CheckKillR        timer0.o
    0x00000584   0x00000584   0x00000078   Code   RO           63    i.CheckKillU        timer0.o
    0x000005fc   0x000005fc   0x00000034   Code   RO           16    i.DAC_Init          dac.o
    0x00000630   0x00000630   0x0000000c   Code   RO           17    i.DAC_Out           dac.o
    0x0000063c   0x0000063c   0x00000038   Code   RO          197    i.Delay100ms        spaceinvaders.o
    0x00000674   0x00000674   0x000000f0   Code   RO          198    i.GPIOPortE_Handler  spaceinvaders.o
    0x00000764   0x00000764   0x0000005c   Code   RO          262    i.Output_Init       st7735.o
    0x000007c0   0x000007c0   0x00000060   Code   RO          537    i.PLL_Init          pll.o
    0x00000820   0x00000820   0x00000220   Code   RO          591    i.SSI0_Init         diskio.o
    0x00000a40   0x00000a40   0x00000014   Code   RO          266    i.ST7735_Color565   st7735.o
    0x00000a54   0x00000a54   0x00000108   Code   RO          267    i.ST7735_DrawBitmap  st7735.o
    0x00000b5c   0x00000b5c   0x000000f4   Code   RO          269    i.ST7735_DrawCharS  st7735.o
    0x00000c50   0x00000c50   0x00000060   Code   RO          271    i.ST7735_DrawFastHLine  st7735.o
    0x00000cb0   0x00000cb0   0x00000044   Code   RO          273    i.ST7735_DrawPixel  st7735.o
    0x00000cf4   0x00000cf4   0x00000062   Code   RO          275    i.ST7735_DrawString  st7735.o
    0x00000d56   0x00000d56   0x00000002   PAD
    0x00000d58   0x00000d58   0x00000084   Code   RO          276    i.ST7735_FillRect   st7735.o
    0x00000ddc   0x00000ddc   0x0000001c   Code   RO          277    i.ST7735_FillScreen  st7735.o
    0x00000df8   0x00000df8   0x00000104   Code   RO          281    i.ST7735_OutChar    st7735.o
    0x00000efc   0x00000efc   0x0000001e   Code   RO          282    i.ST7735_OutString  st7735.o
    0x00000f1a   0x00000f1a   0x00000002   PAD
    0x00000f1c   0x00000f1c   0x000000d4   Code   RO          283    i.ST7735_OutUDec    st7735.o
    0x00000ff0   0x00000ff0   0x00000014   Code   RO          292    i.ST7735_SetCursor  st7735.o
    0x00001004   0x00001004   0x0000000c   Code   RO          294    i.ST7735_SetTextColor  st7735.o
    0x00001010   0x00001010   0x00000204   Code   RO           64    i.Timer0A_Handler   timer0.o
    0x00001214   0x00001214   0x0000005c   Code   RO           65    i.Timer0_Init       timer0.o
    0x00001270   0x00001270   0x00000028   Code   RO          133    i.Timer1A_Handler   timer1.o
    0x00001298   0x00001298   0x0000004c   Code   RO          134    i.Timer1_Init       timer1.o
    0x000012e4   0x000012e4   0x000000c0   Code   RO          549    i.Timer2A_Handler   timer2.o
    0x000013a4   0x000013a4   0x000000d8   Code   RO          550    i.Timer2_Init       timer2.o
    0x0000147c   0x0000147c   0x00000038   Code   RO          592    i.Timer5A_Handler   diskio.o
    0x000014b4   0x000014b4   0x0000000e   Code   RO          937    i.__scatterload_copy  mc_w.l(handlers.o)
    0x000014c2   0x000014c2   0x00000002   Code   RO          938    i.__scatterload_null  mc_w.l(handlers.o)
    0x000014c4   0x000014c4   0x0000000e   Code   RO          939    i.__scatterload_zeroinit  mc_w.l(handlers.o)
    0x000014d2   0x000014d2   0x00000002   PAD
    0x000014d4   0x000014d4   0x000000cc   Code   RO          551    i.buff_3Digit       timer2.o
    0x000015a0   0x000015a0   0x000000a8   Code   RO          296    i.commandList       st7735.o
    0x00001648   0x00001648   0x00000228   Code   RO          297    i.commonInit        st7735.o
    0x00001870   0x00001870   0x000000b2   Code   RO          677    i.create_chain      ff.o
    0x00001922   0x00001922   0x00000174   Code   RO          678    i.dir_next          ff.o
    0x00001a96   0x00001a96   0x00000090   Code   RO          680    i.dir_register      ff.o
    0x00001b26   0x00001b26   0x00000092   Code   RO          681    i.dir_sdi           ff.o
    0x00001bb8   0x00001bb8   0x000001c0   Code   RO          594    i.disk_initialize   diskio.o
    0x00001d78   0x00001d78   0x00000284   Code   RO          595    i.disk_ioctl        diskio.o
    0x00001ffc   0x00001ffc   0x000000a8   Code   RO          596    i.disk_read         diskio.o
    0x000020a4   0x000020a4   0x00000010   Code   RO          597    i.disk_status       diskio.o
    0x000020b4   0x000020b4   0x000000c8   Code   RO          599    i.disk_write        diskio.o
    0x0000217c   0x0000217c   0x0000001e   Code   RO          684    i.f_close           ff.o
    0x0000219a   0x0000219a   0x00000002   PAD
    0x0000219c   0x0000219c   0x0000006c   Code   RO          692    i.f_mount           ff.o
    0x00002208   0x00002208   0x00000162   Code   RO          693    i.f_open            ff.o
    0x0000236a   0x0000236a   0x0000017c   Code   RO          695    i.f_read            ff.o
    0x000024e6   0x000024e6   0x000000a6   Code   RO          700    i.f_sync            ff.o
    0x0000258c   0x0000258c   0x00000034   Code   RO          552    i.fifo_Read         timer2.o
    0x000025c0   0x000025c0   0x00000044   Code   RO          300    i.fillmessage       st7735.o
    0x00002604   0x00002604   0x0000037c   Code   RO          705    i.find_volume       ff.o
    0x00002980   0x00002980   0x0000026c   Code   RO          706    i.follow_path       ff.o
    0x00002bec   0x00002bec   0x000000bc   Code   RO          707    i.get_fat           ff.o
    0x00002ca8   0x00002ca8   0x000002d4   Code   RO          201    i.main              spaceinvaders.o
    0x00002f7c   0x00002f7c   0x00000030   Code   RO          708    i.mem_cpy           ff.o
    0x00002fac   0x00002fac   0x00000028   Code   RO          709    i.mem_set           ff.o
    0x00002fd4   0x00002fd4   0x00000036   Code   RO          710    i.move_window       ff.o
    0x0000300a   0x0000300a   0x00000108   Code   RO          711    i.put_fat           ff.o
    0x00003112   0x00003112   0x00000002   PAD
    0x00003114   0x00003114   0x000000e4   Code   RO          600    i.rcvr_datablock    diskio.o
    0x000031f8   0x000031f8   0x00000066   Code   RO          712    i.remove_chain      ff.o
    0x0000325e   0x0000325e   0x00000002   PAD
    0x00003260   0x00003260   0x000000a4   Code   RO          601    i.select            diskio.o
    0x00003304   0x00003304   0x00000180   Code   RO          602    i.send_cmd          diskio.o
    0x00003484   0x00003484   0x00000068   Code   RO          302    i.setAddrWindow     st7735.o
    0x000034ec   0x000034ec   0x000000b6   Code   RO          713    i.sync_fs           ff.o
    0x000035a2   0x000035a2   0x00000054   Code   RO          714    i.sync_window       ff.o
    0x000035f6   0x000035f6   0x0000002c   Code   RO          715    i.validate          ff.o
    0x00003622   0x00003622   0x00000002   PAD
    0x00003624   0x00003624   0x00000040   Code   RO          303    i.writecommand      st7735.o
    0x00003664   0x00003664   0x00000040   Code   RO          304    i.writedata         st7735.o
    0x000036a4   0x000036a4   0x000000f8   Code   RO          603    i.xmit_datablock    diskio.o
    0x0000379c   0x0000379c   0x00000be0   Data   RO           68    .constdata          timer0.o
    0x0000437c   0x0000437c   0x00000dc0   Data   RO           69    .constdata          timer0.o
    0x0000513c   0x0000513c   0x00000dc0   Data   RO           70    .constdata          timer0.o
    0x00005efc   0x00005efc   0x00002000   Data   RO           71    .constdata          timer0.o
    0x00007efc   0x00007efc   0x00003c28   Data   RO           73    .constdata          timer0.o
    0x0000bb24   0x0000bb24   0x00000842   Data   RO          306    .constdata          st7735.o
    0x0000c366   0x0000c366   0x00000002   PAD
    0x0000c368   0x0000c368   0x00000020   Data   RO          935    Region$$Table       anon$$obj.o


    Execution Region ER_RW (Exec base: 0x20000000, Load base: 0x0000c388, Size: 0x00000158, Max: 0xffffffff, ABSOLUTE, COMPRESSED[0x00000058])

    Exec Addr    Load Addr    Size         Type   Attr      Idx    E Section Name        Object

    0x20000000   COMPRESSED   0x000000e2   Data   RW           74    .data               timer0.o
    0x200000e2   COMPRESSED   0x00000001   Data   RW          135    .data               timer1.o
    0x200000e3   COMPRESSED   0x00000001   PAD
    0x200000e4   COMPRESSED   0x0000002c   Data   RW          307    .data               st7735.o
    0x20000110   COMPRESSED   0x0000000c   Data   RW          555    .data               timer2.o
    0x2000011c   COMPRESSED   0x00000001   Data   RW          556    .data               timer2.o
    0x2000011d   COMPRESSED   0x00000003   PAD
    0x20000120   COMPRESSED   0x00000024   Data   RW          557    .data               timer2.o
    0x20000144   COMPRESSED   0x0000000c   Data   RW          604    .data               diskio.o
    0x20000150   COMPRESSED   0x00000008   Data   RW          717    .data               ff.o


    Execution Region ER_ZI (Exec base: 0x20000158, Load base: 0x0000c3e0, Size: 0x00001038, Max: 0xffffffff, ABSOLUTE)

    Exec Addr    Load Addr    Size         Type   Attr      Idx    E Section Name        Object

    0x20000158        -       0x000002d0   Zero   RW           67    .bss                timer0.o
    0x20000428        -       0x00000234   Zero   RW          202    .bss                spaceinvaders.o
    0x2000065c        -       0x0000000c   Zero   RW          305    .bss                st7735.o
    0x20000668        -       0x00000724   Zero   RW          553    .bss                timer2.o
    0x20000d8c   0x0000c3e0   0x00000004   PAD
    0x20000d90        -       0x00000400   Zero   RW            1    STACK               startup.o


==============================================================================

Image component sizes


      Code (inc. data)   RO Data    RW Data    ZI Data      Debug   Object Name

       228         46          0          0          0        876   adc.o
        64         16          0          0          0       5277   dac.o
      3100        206          0         12          0      13445   diskio.o
      4396         40          0          8          0      23266   ff.o
        96          4          0          0          0        439   pll.o
      1020        226          0          0        564       3834   spaceinvaders.o
      2602        232       2114         44         12      19223   st7735.o
       672        622          0          0       1024        956   startup.o
      1088        130      33672        226        720       6271   timer0.o
       116         22          0          1          0       3890   timer1.o
       664         82          0         49       1828       3672   timer2.o

    ----------------------------------------------------------------------
     14060       1626      35820        344       4152      81149   Object Totals
         0          0         32          0          0          0   (incl. Generated)
        14          0          2          4          4          0   (incl. Padding)

    ----------------------------------------------------------------------

      Code (inc. data)   RO Data    RW Data    ZI Data      Debug   Library Member Name

        86          0          0          0          0          0   __dczerorl2.o
         0          0          0          0          0          0   entry.o
         0          0          0          0          0          0   entry10a.o
         0          0          0          0          0          0   entry11a.o
         8          4          0          0          0          0   entry2.o
         4          0          0          0          0          0   entry5.o
         0          0          0          0          0          0   entry7b.o
         0          0          0          0          0          0   entry8b.o
         8          4          0          0          0          0   entry9a.o
        30          0          0          0          0          0   handlers.o
        36          8          0          0          0         68   init.o

    ----------------------------------------------------------------------
       176         16          0          0          0         68   Library Totals
         4          0          0          0          0          0   (incl. Padding)

    ----------------------------------------------------------------------

      Code (inc. data)   RO Data    RW Data    ZI Data      Debug   Library Name

       172         16          0          0          0         68   mc_w.l

    ----------------------------------------------------------------------
       176         16          0          0          0         68   Library Totals

    ----------------------------------------------------------------------

==============================================================================


      Code (inc. data)   RO Data    RW Data    ZI Data      Debug   

     14236       1642      35820        344       4152      77965   Grand Totals
     14236       1642      35820         88       4152      77965   ELF Image Totals (compressed)
     14236       1642      35820         88          0          0   ROM Totals

==============================================================================

    Total RO  Size (Code + RO Data)                50056 (  48.88kB)
    Total RW  Size (RW Data + ZI Data)              4496 (   4.39kB)
    Total ROM Size (Code + RO Data + RW Data)      50144 (  48.97kB)

==============================================================================

